{"level":"INFO","message":"[10:43:47.784 PM]: Creating new connection object"}
{"level":"INFO","message":"[10:43:47.791 PM]: Creating Connection[id: f0c3efdc-9c43-41fa-a0bd-fbe2c601bd6a] with host: pm.snowflakecomputing.com, account: pm, accessUrl: https://pm.snowflakecomputing.com, user: ujagtap, role: undefined, database: SNOWFLAKE_SAMPLE_DATA, schema: TPCH_SF1, warehouse: COMPUTE_WH, proxy was not configured, password is not provided, region: undefined, authenticator: OAUTH, ocsp mode: FAIL_OPEN, os: darwin, os version: 25.3.0"}
{"level":"INFO","message":"[10:43:47.791 PM]: Connection[id: f0c3efdc-9c43-41fa-a0bd-fbe2c601bd6a] additional details: passcode in password is provided, passcode is not provided, private key is not provided, application: undefined, client name: snowflake-sdk, client version: 2.3.4, retry timeout: 300, private key path: undefined, private key pass is not provided, client store temporary credential: false, browser response timeout: 120000"}
{"level":"INFO","message":"[10:43:47.791 PM]: Connection[id: f0c3efdc-9c43-41fa-a0bd-fbe2c601bd6a] - connection object created successfully."}
{"level":"INFO","message":"[10:43:47.792 PM]: Connection[id: f0c3efdc-9c43-41fa-a0bd-fbe2c601bd6a] - connecting. Associated Snowflake domain: GLOBAL"}
{"level":"INFO","message":"[10:43:47.792 PM]: Connection[id: f0c3efdc-9c43-41fa-a0bd-fbe2c601bd6a] - authentication successful using: OAUTH"}
{"level":"INFO","message":"[10:43:47.792 PM]: Trying to initialize Easy Logging"}
{"level":"INFO","message":"[10:43:47.831 PM]: No client config detected."}
{"level":"INFO","message":"[10:43:47.831 PM]: No config file path found. Client config will not be used."}
{"level":"INFO","message":"[10:43:47.832 PM]: Easy Logging is disabled as no config has been found"}
{"level":"ERROR","message":"[10:43:48.220 PM]: Connection[id: f0c3efdc-9c43-41fa-a0bd-fbe2c601bd6a] - connection failed after 428 milliseconds. Error: Invalid OAuth access token. [4cd003fe-403e-40a9-851c-70ce6ef29471]"}
{"level":"INFO","message":"[10:44:01.479 PM]: Creating new connection object"}
{"level":"INFO","message":"[10:44:01.486 PM]: Creating Connection[id: 0c92eb1e-05a2-4163-a923-254161e3838a] with host: pm.snowflakecomputing.com, account: pm, accessUrl: https://pm.snowflakecomputing.com, user: ujagtap, role: undefined, database: SNOWFLAKE_SAMPLE_DATA, schema: TPCH_SF1, warehouse: COMPUTE_WH, proxy was not configured, password is not provided, region: undefined, authenticator: OAUTH, ocsp mode: FAIL_OPEN, os: darwin, os version: 25.3.0"}
{"level":"INFO","message":"[10:44:01.486 PM]: Connection[id: 0c92eb1e-05a2-4163-a923-254161e3838a] additional details: passcode in password is provided, passcode is not provided, private key is not provided, application: undefined, client name: snowflake-sdk, client version: 2.3.4, retry timeout: 300, private key path: undefined, private key pass is not provided, client store temporary credential: false, browser response timeout: 120000"}
{"level":"INFO","message":"[10:44:01.486 PM]: Connection[id: 0c92eb1e-05a2-4163-a923-254161e3838a] - connection object created successfully."}
{"level":"INFO","message":"[10:44:01.486 PM]: Connection[id: 0c92eb1e-05a2-4163-a923-254161e3838a] - connecting. Associated Snowflake domain: GLOBAL"}
{"level":"INFO","message":"[10:44:01.487 PM]: Connection[id: 0c92eb1e-05a2-4163-a923-254161e3838a] - authentication successful using: OAUTH"}
{"level":"INFO","message":"[10:44:01.487 PM]: Trying to initialize Easy Logging"}
{"level":"INFO","message":"[10:44:01.525 PM]: No client config detected."}
{"level":"INFO","message":"[10:44:01.525 PM]: No config file path found. Client config will not be used."}
{"level":"INFO","message":"[10:44:01.526 PM]: Easy Logging is disabled as no config has been found"}
{"level":"ERROR","message":"[10:44:01.833 PM]: Connection[id: 0c92eb1e-05a2-4163-a923-254161e3838a] - connection failed after 346.29 milliseconds. Error: Invalid OAuth access token. [bf645e74-92c8-44eb-912e-ced6b666ba0c]"}
{"level":"INFO","message":"[10:46:41.342 PM]: Creating new connection object"}
{"level":"INFO","message":"[10:46:41.349 PM]: Creating Connection[id: 9a6cc78e-3db4-49f7-9f5a-261b17f01a46] with host: pm.snowflakecomputing.com, account: pm, accessUrl: https://pm.snowflakecomputing.com, user: ujagtap, role: undefined, database: SNOWFLAKE_SAMPLE_DATA, schema: TPCH_SF1, warehouse: COMPUTE_WH, proxy was not configured, password is not provided, region: undefined, authenticator: PROGRAMMATIC_ACCESS_TOKEN, ocsp mode: FAIL_OPEN, os: darwin, os version: 25.3.0"}
{"level":"INFO","message":"[10:46:41.349 PM]: Connection[id: 9a6cc78e-3db4-49f7-9f5a-261b17f01a46] additional details: passcode in password is provided, passcode is not provided, private key is not provided, application: undefined, client name: snowflake-sdk, client version: 2.3.4, retry timeout: 300, private key path: undefined, private key pass is not provided, client store temporary credential: false, browser response timeout: 120000"}
{"level":"INFO","message":"[10:46:41.349 PM]: Connection[id: 9a6cc78e-3db4-49f7-9f5a-261b17f01a46] - connection object created successfully."}
{"level":"INFO","message":"[10:46:41.350 PM]: Connection[id: 9a6cc78e-3db4-49f7-9f5a-261b17f01a46] - connecting. Associated Snowflake domain: GLOBAL"}
{"level":"INFO","message":"[10:46:41.350 PM]: Connection[id: 9a6cc78e-3db4-49f7-9f5a-261b17f01a46] - authentication successful using: PROGRAMMATIC_ACCESS_TOKEN"}
{"level":"INFO","message":"[10:46:41.350 PM]: Trying to initialize Easy Logging"}
{"level":"INFO","message":"[10:46:41.385 PM]: No client config detected."}
{"level":"INFO","message":"[10:46:41.385 PM]: No config file path found. Client config will not be used."}
{"level":"INFO","message":"[10:46:41.386 PM]: Easy Logging is disabled as no config has been found"}
{"level":"INFO","message":"[10:46:42.073 PM]: Connection[id: 9a6cc78e-3db4-49f7-9f5a-261b17f01a46] - connection established successfully after 723.39 milliseconds"}
{"level":"INFO","message":"[10:47:30.231 PM]: Creating new connection object"}
{"level":"INFO","message":"[10:47:30.238 PM]: Creating Connection[id: efda6978-b49c-49f8-af12-b69135fa759e] with host: pm.snowflakecomputing.com, account: pm, accessUrl: https://pm.snowflakecomputing.com, user: ujagtap, role: undefined, database: SNOWFLAKE_SAMPLE_DATA, schema: TPCH_SF1, warehouse: COMPUTE_WH, proxy was not configured, password is not provided, region: undefined, authenticator: PROGRAMMATIC_ACCESS_TOKEN, ocsp mode: FAIL_OPEN, os: darwin, os version: 25.3.0"}
{"level":"INFO","message":"[10:47:30.238 PM]: Connection[id: efda6978-b49c-49f8-af12-b69135fa759e] additional details: passcode in password is provided, passcode is not provided, private key is not provided, application: undefined, client name: snowflake-sdk, client version: 2.3.4, retry timeout: 300, private key path: undefined, private key pass is not provided, client store temporary credential: false, browser response timeout: 120000"}
{"level":"INFO","message":"[10:47:30.239 PM]: Connection[id: efda6978-b49c-49f8-af12-b69135fa759e] - connection object created successfully."}
{"level":"INFO","message":"[10:47:30.239 PM]: Connection[id: efda6978-b49c-49f8-af12-b69135fa759e] - connecting. Associated Snowflake domain: GLOBAL"}
{"level":"INFO","message":"[10:47:30.239 PM]: Connection[id: efda6978-b49c-49f8-af12-b69135fa759e] - authentication successful using: PROGRAMMATIC_ACCESS_TOKEN"}
{"level":"INFO","message":"[10:47:30.239 PM]: Trying to initialize Easy Logging"}
{"level":"INFO","message":"[10:47:30.241 PM]: No client config detected."}
{"level":"INFO","message":"[10:47:30.241 PM]: No config file path found. Client config will not be used."}
{"level":"INFO","message":"[10:47:30.241 PM]: Easy Logging is disabled as no config has been found"}
{"level":"INFO","message":"[10:47:30.751 PM]: Connection[id: efda6978-b49c-49f8-af12-b69135fa759e] - connection established successfully after 512.26 milliseconds"}
